---
source: src/parser.rs
expression: "AstWErrors { stmts, errors: p.errors() }"
info: "input = `\\begin{equation} as \\end{equation}`"
---
stmts:
  - KnownEnv:
      name: equation
      args: []
      children:
        - Token: Space
        - Text: as
        - Token: Space
      is_alt: false
      kind: BlockMath
      start_end: ~
errors: []

