---
source: src/parser.rs
expression: "AstWErrors { stmts, errors: p.errors() }"
info: "input = `%asfs`"
---
stmts:
  - Comment: "%asfs"
errors: []

