---
source: src/parser.rs
expression: "AstWErrors { stmts, errors: p.errors() }"
info: "input = `${({)}]}$`"
---
stmts:
  - Env:
      name: unnamed
      children:
        - Block:
            - Token: LParen
            - Block:
                - Token: RParen
            - Token: RSquare
      is_alt: false
      kind: InlineMath
      start_end:
        - Token: InlineMathLimiter
        - Token: InlineMathLimiter
errors: []

